A:[[2. 1. 3. 4.]
 [1. 3. 2. 5.]
 [3. 2. 4. 1.]
 [4. 5. 1. 6.]]

a_jj=A[3,1]=3.0, a_kj=A[4,1]=4.0
r = 5.0
s=-a_kj/r=-0.8,c=a_jj/r=0.6

T43
[[ 1.   0.   0.   0. ]
 [ 0.   1.   0.   0. ]
 [ 0.   0.   0.6  0.8]
 [ 0.   0.  -0.8  0.6]]

A:[[ 2.0000000e+00  1.0000000e+00  5.0000000e+00 -4.4408921e-16]
 [ 1.0000000e+00  3.0000000e+00  5.2000000e+00  1.4000000e+00]
 [ 5.0000000e+00  5.2000000e+00  6.2400000e+00  6.8000000e-01]
 [-4.4408921e-16  1.4000000e+00  6.8000000e-01  3.7600000e+00]]

a_jj=A[2,1]=1.0, a_kj=A[3,1]=5.0
r = 5.0990195135927845
s=-a_kj/r=-0.9805806756909202,c=a_jj/r=0.19611613513818404

T32
[[ 1.          0.          0.          0.        ]
 [ 0.          0.19611614  0.98058068  0.        ]
 [ 0.         -0.98058068  0.19611614  0.        ]
 [ 0.          0.          0.          1.        ]]

A:[[ 2.00000000e+00  5.09901951e+00  0.00000000e+00 -4.44089210e-16]
 [ 5.09901951e+00  8.11538462e+00 -4.17692308e+00  9.41357449e-01]
 [ 0.00000000e+00 -4.17692308e+00  1.12461538e+00 -1.23945397e+00]
 [-4.44089210e-16  9.41357449e-01 -1.23945397e+00  3.76000000e+00]]

a_jj=A[3,2]=-4.176923076923077, a_kj=A[4,2]=0.9413574486632833
r = 4.2816866112183405
s=-a_kj/r=-0.21985669063141056,c=a_jj/r=-0.9755321807016948

T43
[[ 1.          0.          0.          0.        ]
 [ 0.          1.          0.          0.        ]
 [ 0.          0.         -0.97553218  0.21985669]
 [ 0.          0.         -0.21985669 -0.97553218]]

